===== JOB INFO =====
Job ID: 43422
Node: k010
Date: Thu 09 Oct 2025 15:15:03 AWST

===== NUMA HARDWARE INFO =====
available: 2 nodes (0-1)
node 0 cpus: 0 1 2 3 4 5 6 7 8 9 10 11 12 13 14 15 16 17 18 19 20 21 22 23 24 25 26 27 28 29 30 31 32 33 34 35 36 37 38 39 40 41 42 43 44 45 46 47
node 0 size: 773657 MB
node 0 free: 760289 MB
node 1 cpus: 48 49 50 51 52 53 54 55 56 57 58 59 60 61 62 63 64 65 66 67 68 69 70 71 72 73 74 75 76 77 78 79 80 81 82 83 84 85 86 87 88 89 90 91 92 93 94 95
node 1 size: 774059 MB
node 1 free: 717064 MB
node distances:
node     0    1 
   0:   10   32 
   1:   32   10 

===== NUMA MEMORY STATS =====

Per-node system memory usage (in MBs):
                          Node 0          Node 1           Total
                 --------------- --------------- ---------------
MemTotal               773657.09       774059.74      1547716.82
MemFree                760289.90       717064.37      1477354.27
MemUsed                 13367.19        56995.37        70362.55
SwapCached                  0.00            0.00            0.00
Active                  10297.96         6499.03        16796.99
Inactive                   49.94            0.00           49.94
Active(anon)            10295.70         6467.85        16763.54
Inactive(anon)             49.94            0.00           49.94
Active(file)                2.27           31.18           33.45
Inactive(file)              0.00            0.00            0.00
Unevictable                21.30        49175.37        49196.66
Mlocked                    18.30        49175.37        49193.66
Dirty                       0.00            0.00            0.00
Writeback                   0.00            0.00            0.00
FilePages                9800.51         5722.99        15523.50
Mapped                    228.77          206.78          435.55
AnonPages                 566.83        49947.95        50514.79
Shmem                    9798.24         5691.81        15490.05
KernelStack                12.30           20.24           32.55
PageTables                  4.08          101.95          106.02
SecPageTables               0.00            0.00            0.00
NFS_Unstable                0.00            0.00            0.00
Bounce                      0.00            0.00            0.00
WritebackTmp                0.00            0.00            0.00
KReclaimable              136.88           72.25          209.13
Slab                      636.45          455.55         1092.00
SReclaimable              136.88           72.25          209.13
SUnreclaim                499.57          383.30          882.87
AnonHugePages             298.00        49492.00        49790.00
ShmemHugePages              0.00            0.00            0.00
ShmemPmdMapped              0.00            0.00            0.00
FileHugePages               0.00            0.00            0.00
FilePmdMapped               0.00            0.00            0.00
Unaccepted                  0.00            0.00            0.00
HugePages_Total             0.00            0.00            0.00
HugePages_Free              0.00            0.00            0.00
HugePages_Surp              0.00            0.00            0.00

===== HUGE PAGES INFO =====
AnonHugePages:  50984960 kB
ShmemHugePages:        0 kB
FileHugePages:         0 kB
HugePages_Total:       0
HugePages_Free:        0
HugePages_Rsvd:        0
HugePages_Surp:        0
Hugepagesize:       2048 kB
Hugetlb:               0 kB

===== NUMA POLICIES =====
zone_reclaim_mode: 0
numa_balancing: 1
overcommit_memory: 0

===== CPU CACHE HIERARCHY =====
NAME ONE-SIZE ALL-SIZE WAYS TYPE        LEVEL  SETS PHY-LINE COHERENCY-SIZE
L1d       32K       3M    8 Data            1    64        1             64
L1i       32K       3M    8 Instruction     1    64        1             64
L2         1M      96M    8 Unified         2  2048        1             64
L3        32M     512M   16 Unified         3 32768        1             64

===== DETAILED CACHE INFO (CPU 0) =====
index0:
  Level: 1
  Type: Data
  Size: 32K
  Shared CPUs: 0
  Associativity: 8-way
  Line size: 64 bytes

index1:
  Level: 1
  Type: Instruction
  Size: 32K
  Shared CPUs: 0
  Associativity: 8-way
  Line size: 64 bytes

index2:
  Level: 2
  Type: Unified
  Size: 1024K
  Shared CPUs: 0
  Associativity: 8-way
  Line size: 64 bytes

index3:
  Level: 3
  Type: Unified
  Size: 32768K
  Shared CPUs: 0-5
  Associativity: 16-way
  Line size: 64 bytes

===== NUMA DISTANCES =====
node0: 10 32
node1: 32 10

===== PER-NODE MEMORY INFO =====
========== node0 ==========
Node 0 MemTotal:       792224856 kB
Node 0 MemFree:        778536856 kB
Node 0 MemUsed:        13688000 kB
Node 0 SwapCached:            0 kB
Node 0 Active:         10545116 kB
Node 0 Inactive:          51136 kB
Node 0 Active(anon):   10542792 kB
Node 0 Inactive(anon):    51136 kB
Node 0 Active(file):       2324 kB
Node 0 Inactive(file):        0 kB
Node 0 Unevictable:       21808 kB
Node 0 Mlocked:           18736 kB
Node 0 Dirty:                 0 kB
Node 0 Writeback:             0 kB
Node 0 FilePages:      10035724 kB
Node 0 Mapped:           234260 kB
Node 0 AnonPages:        580436 kB
Node 0 Shmem:          10033400 kB
Node 0 KernelStack:       12600 kB
Node 0 PageTables:         4176 kB
Node 0 SecPageTables:         0 kB
Node 0 NFS_Unstable:          0 kB
Node 0 Bounce:                0 kB
Node 0 WritebackTmp:          0 kB
Node 0 KReclaimable:     140164 kB
Node 0 Slab:             651720 kB
Node 0 SReclaimable:     140164 kB
Node 0 SUnreclaim:       511556 kB
Node 0 AnonHugePages:    305152 kB
Node 0 ShmemHugePages:        0 kB
Node 0 ShmemPmdMapped:        0 kB
Node 0 FileHugePages:         0 kB
Node 0 FilePmdMapped:         0 kB
Node 0 Unaccepted:            0 kB
Node 0 HugePages_Total:     0
Node 0 HugePages_Free:      0
Node 0 HugePages_Surp:      0

========== node1 ==========
Node 1 MemTotal:       792637172 kB
Node 1 MemFree:        734274012 kB
Node 1 MemUsed:        58363160 kB
Node 1 SwapCached:            0 kB
Node 1 Active:          6655004 kB
Node 1 Inactive:              0 kB
Node 1 Active(anon):    6623076 kB
Node 1 Inactive(anon):        0 kB
Node 1 Active(file):      31928 kB
Node 1 Inactive(file):        0 kB
Node 1 Unevictable:    50355576 kB
Node 1 Mlocked:        50355576 kB
Node 1 Dirty:                 0 kB
Node 1 Writeback:             0 kB
Node 1 FilePages:       5860344 kB
Node 1 Mapped:           211740 kB
Node 1 AnonPages:      51146704 kB
Node 1 Shmem:           5828416 kB
Node 1 KernelStack:       20728 kB
Node 1 PageTables:       104392 kB
Node 1 SecPageTables:         0 kB
Node 1 NFS_Unstable:          0 kB
Node 1 Bounce:                0 kB
Node 1 WritebackTmp:          0 kB
Node 1 KReclaimable:      73984 kB
Node 1 Slab:             466488 kB
Node 1 SReclaimable:      73984 kB
Node 1 SUnreclaim:       392504 kB
Node 1 AnonHugePages:  50679808 kB
Node 1 ShmemHugePages:        0 kB
Node 1 ShmemPmdMapped:        0 kB
Node 1 FileHugePages:         0 kB
Node 1 FilePmdMapped:         0 kB
Node 1 Unaccepted:            0 kB
Node 1 HugePages_Total:     0
Node 1 HugePages_Free:      0
Node 1 HugePages_Surp:      0

===== MEMORY ZONES =====
Node 0, zone      DMA
  pages free     2816
        min      0
        low      3
        high     6
        spanned  4095
        present  3998
        managed  3840
              high:  0
              high:  0
              high:  0
              high:  0
              high:  0
              high:  0
              high:  0
              high:  0
              high:  0
              high:  0
              high:  0
              high:  0
              high:  0
              high:  0
              high:  0
              high:  0
              high:  0
              high:  0
              high:  0
              high:  0
              high:  0
              high:  0
              high:  0
              high:  0
              high:  0
              high:  0
              high:  0
              high:  0
              high:  0
              high:  0
              high:  0
              high:  0
              high:  0
              high:  0
              high:  0
              high:  0
              high:  0
              high:  0
              high:  0
              high:  0
              high:  0
              high:  0

===== BUDDY ALLOCATOR INFO =====
Node 0, zone      DMA      0      0      0      0      0      0      0      0      1      1      2 
Node 0, zone    DMA32      8      7      6      7      5      5      5      6      5      7    386 
Node 0, zone   Normal  86711  75285  75450  64048  58749  53290  38409   5093   2640   3342 180699 
Node 1, zone   Normal 143589 178088 155329  30766  23804  16232   4352   2509   1276   1070 175612 

===== THP (Transparent Huge Pages) =====
[always] madvise never
always defer defer+madvise [madvise] never

===== SLABINFO SUMMARY =====

===== VMSTAT (memory stats) =====
numa_hit 27445396392
numa_miss 324650294
numa_foreign 323810826
numa_interleave 6605
numa_local 27441886964
numa_other 330020818
numa_pte_updates 9281444759
numa_huge_pte_updates 12879226
numa_hint_faults 1657212579
numa_hint_faults_local 1506439864
numa_pages_migrated 221047438
pgmigrate_success 221780200
pgmigrate_fail 255179749
compact_migrate_scanned 2142396
compact_free_scanned 189667692
compact_isolated 1468486
compact_stall 0
compact_fail 0
compact_success 0
compact_daemon_wake 1814
compact_daemon_migrate_scanned 2142396
compact_daemon_free_scanned 189667692

===== CPU TOPOLOGY =====
lstopo not available

===== COMPLETE =====
Collection completed at: Thu 09 Oct 2025 15:15:04 AWST
